<?xml version="1.0" encoding="UTF-8"?>
<testsuites name="jest tests" tests="17" failures="1" errors="0" time="1.862">
  <testsuite name="useResponsive Hook" errors="0" failures="1" skipped="0" timestamp="2025-12-12T08:30:11" time="1.08" tests="17">
    <testcase classname="useResponsive Hook" name="should detect mobile device correctly" time="0.019">
    </testcase>
    <testcase classname="useResponsive Hook" name="should return correct breakpoint state" time="0.003">
    </testcase>
    <testcase classname="useResponsive Hook" name="should update on viewport resize" time="0.004">
    </testcase>
    <testcase classname="useResponsive Hook" name="should handle touch device detection" time="0.002">
    </testcase>
    <testcase classname="useExport Hook" name="should export data as PDF" time="0.002">
    </testcase>
    <testcase classname="useExport Hook" name="should export data as CSV" time="0.002">
    </testcase>
    <testcase classname="useExport Hook" name="should handle export errors" time="0.006">
    </testcase>
    <testcase classname="useExport Hook" name="should track loading state during export" time="0.002">
    </testcase>
    <testcase classname="useExport Hook" name="should validate email before sending" time="0.002">
    </testcase>
    <testcase classname="usePerformance Hook" name="should return performance metrics" time="0.002">
    </testcase>
    <testcase classname="usePerformance Hook" name="should calculate performance score correctly" time="0.002">
    </testcase>
    <testcase classname="usePerformance Hook" name="should track Core Web Vitals" time="0.001">
    </testcase>
    <testcase classname="usePerformance Hook" name="should provide rating based on score" time="0.001">
    </testcase>
    <testcase classname="usePerformance Hook" name="should handle metric collection errors gracefully" time="0.001">
    </testcase>
    <testcase classname="Utility Functions" name="should format numbers correctly" time="0.001">
    </testcase>
    <testcase classname="Utility Functions" name="should validate email format" time="0.002">
      <failure>Error: expect(received).toBe(expected) // Object.is equality

Expected: true
Received: false
    at Object.toBe (C:\Users\Hazye\PitchConnect V1\tests\unit\hooks.test.ts:189:46)
    at Promise.then.completed (C:\Users\Hazye\PitchConnect V1\node_modules\jest-circus\build\utils.js:298:28)
    at new Promise (&lt;anonymous&gt;)
    at callAsyncCircusFn (C:\Users\Hazye\PitchConnect V1\node_modules\jest-circus\build\utils.js:231:10)
    at _callCircusTest (C:\Users\Hazye\PitchConnect V1\node_modules\jest-circus\build\run.js:316:40)
    at processTicksAndRejections (node:internal/process/task_queues:95:5)
    at _runTest (C:\Users\Hazye\PitchConnect V1\node_modules\jest-circus\build\run.js:252:3)
    at _runTestsForDescribeBlock (C:\Users\Hazye\PitchConnect V1\node_modules\jest-circus\build\run.js:126:9)
    at _runTestsForDescribeBlock (C:\Users\Hazye\PitchConnect V1\node_modules\jest-circus\build\run.js:121:9)
    at run (C:\Users\Hazye\PitchConnect V1\node_modules\jest-circus\build\run.js:71:3)
    at runAndTransformResultsToJestFormat (C:\Users\Hazye\PitchConnect V1\node_modules\jest-circus\build\legacy-code-todo-rewrite\jestAdapterInit.js:122:21)
    at jestAdapter (C:\Users\Hazye\PitchConnect V1\node_modules\jest-circus\build\legacy-code-todo-rewrite\jestAdapter.js:79:19)
    at runTestInternal (C:\Users\Hazye\PitchConnect V1\node_modules\jest-runner\build\runTest.js:367:16)
    at runTest (C:\Users\Hazye\PitchConnect V1\node_modules\jest-runner\build\runTest.js:444:34)</failure>
    </testcase>
    <testcase classname="Utility Functions" name="should handle date operations" time="0.001">
    </testcase>
  </testsuite>
</testsuites>